Undefined license group 'FREE'
Undefined license group 'FREE'

WARNING: One or more updates/rebuilds have been skipped due to a dependency conflict:

dev-libs/slotconflicttarget:0 for /tmp/root-B-bt3/

  (dev-libs/slotconflicttarget-2.0:0/0::testrepo, ebuild scheduled for merge to '/tmp/root-B-bt3/') USE="" ELIBC="glibc" conflicts with
    <dev-libs/slotconflicttarget-2.0 required by (dev-libs/slotconflictoldconsumer-1.0:0/0::testrepo, ebuild scheduled for merge to '/tmp/root-B-bt3/') USE="" ELIBC="glibc"
    ^                            ^^^


!!! The following installed packages are masked:
- dev-build/meson-1.11.2::gentoo (masked by: Apache-2.0 license(s))
- dev-build/autoconf-archive-2024.10.16-r2::gentoo (masked by: GPL-3 license(s))
- dev-perl/Module-Build-0.423.400-r5::gentoo (masked by: || ( Artistic GPL-1+ ) license(s))
- dev-perl/Class-Inspector-1.360.0::gentoo (masked by: || ( Artistic GPL-1+ ) license(s))
- sys-apps/findutils-4.11.0::gentoo (masked by: GPL-3+ license(s))
- sys-apps/gawk-5.3.2::gentoo (masked by: GPL-3+ license(s))
- dev-python/trove-classifiers-2026.6.1.19::gentoo (masked by: Apache-2.0 license(s))
- dev-perl/Exporter-Tiny-1.6.3::gentoo (masked by: || ( Artistic GPL-1+ ) license(s))
- sys-apps/sandbox-2.49::gentoo (masked by: GPL-2 license(s))
- dev-libs/gmp-6.3.0-r2::gentoo (masked by: || ( LGPL-3+ GPL-2+ ) license(s))
- dev-python/packaging-26.2::gentoo (masked by: || ( Apache-2.0 BSD-2 ) license(s))
- dev-perl/XS-Parse-Keyword-0.490.0-r1::gentoo (masked by: || ( Artistic GPL-1+ ) license(s))
- dev-python/hatch-vcs-0.5.0::gentoo (masked by: MIT license(s))
- app-text/build-docbook-catalog-2.4::gentoo (masked by: GPL-2 license(s))
- net-misc/iputils-20250605-r4::gentoo (masked by: BSD GPL-2+ license(s))
- sys-devel/bison-3.8.2-r3::gentoo (masked by: GPL-3+ license(s))
- sys-apps/kmod-34.2::gentoo (masked by: LGPL-2.1+ GPL-2+ license(s))
- dev-python/installer-1.0.1::gentoo (masked by: MIT license(s))
- sys-libs/ncurses-6.5_p20251220::gentoo (masked by: MIT license(s))
- sys-auth/passwdqc-2.1.0-r1::gentoo (masked by: Openwall BSD public-domain license(s))
- app-shells/bash-5.3_p15::gentoo (masked by: GPL-3+ license(s))
- dev-perl/Capture-Tiny-0.500.0-r1::gentoo (masked by: Apache-2.0 license(s))
- net-libs/libpsl-0.21.5::gentoo (masked by: MIT license(s))
- app-alternatives/awk-4::gentoo (masked by: CC0-1.0 license(s))
- app-alternatives/sh-0::gentoo (masked by: CC0-1.0 license(s))
- dev-lang/python-exec-2.4.10::gentoo (masked by: BSD-2 license(s))
- app-text/docbook-xml-dtd-4.4-r3::gentoo (masked by: docbook license(s))
- dev-python/wheel-0.47.0::gentoo (masked by: MIT license(s))
- app-crypt/rhash-1.4.6-r1::gentoo (masked by: 0BSD license(s))
- dev-libs/npth-1.8::gentoo (masked by: LGPL-2.1+ license(s))
- sys-apps/gentoo-systemd-integration-9-r2::gentoo (masked by: BSD license(s))
- dev-libs/libuv-1.52.1::gentoo (masked by: BSD BSD-2 ISC MIT license(s))
- app-text/xmlto-0.0.28-r11::gentoo (masked by: GPL-2+ license(s))
- sys-libs/readline-8.3_p3::gentoo (masked by: GPL-3+ license(s))
- app-portage/gemato-20.12::gentoo (masked by: GPL-2+ license(s))
- sys-apps/groff-1.23.0-r2::gentoo (masked by: GPL-2 license(s))
- dev-build/libtool-2.5.4::gentoo (masked by: GPL-2 license(s))
- dev-libs/expat-2.8.3::gentoo (masked by: MIT license(s))
- sys-libs/libxcrypt-4.4.38-r1::gentoo (masked by: LGPL-2.1+ public-domain BSD BSD-2 license(s))
- app-admin/perl-cleaner-2.31-r3::gentoo (masked by: GPL-2 license(s))
- dev-libs/openssl-3.5.7::gentoo (masked by: Apache-2.0 license(s))
- net-mail/mailbase-1.8.1::gentoo (masked by: GPL-2 license(s))
- dev-python/gpep517-20::gentoo (masked by: GPL-2+ license(s))
- dev-python/ensurepip-pip-26.1.2::gentoo (masked by: MIT Apache-2.0 MIT MIT BSD-2 Apache-2.0 BSD MIT Apache-2.0 MIT MPL-2.0 MIT MIT MIT Apache-2.0 || ( Apache-2.0 MIT ) MIT ISC PSF-2 license(s))
- dev-lang/python-exec-conf-2.4.6::gentoo (masked by: BSD-2 license(s))
- dev-perl/Text-WrapI18N-0.60.0-r3::gentoo (masked by: || ( Artistic GPL-1+ ) license(s))
- dev-python/setuptools-83.0.0::gentoo (masked by: MIT license(s))
- net-dns/libidn2-2.3.8::gentoo (masked by: || ( GPL-2+ LGPL-3+ ) GPL-3+ unicode license(s))
- dev-libs/nettle-3.10.2::gentoo (masked by: || ( GPL-2+ LGPL-3+ ) license(s))
- dev-db/sqlite-3.53.3::gentoo (masked by: public-domain license(s))
- dev-libs/elfutils-0.195::gentoo (masked by: || ( GPL-2+ LGPL-3+ ) GPL-3+ license(s))
- net-firewall/iptables-1.8.13::gentoo (masked by: GPL-2 license(s))
- sys-apps/net-tools-2.10::gentoo (masked by: GPL-2 license(s))
- dev-libs/libtasn1-4.21.0::gentoo (masked by: LGPL-2.1+ GPL-3+ FDL-1.3+ license(s))
- dev-python/pysocks-1.7.1-r2::gentoo (masked by: BSD license(s))
- app-misc/ca-certificates-20260223.3.112.4-r1::gentoo (masked by: MPL-1.1 license(s))
- sys-apps/man-pages-6.17-r1::gentoo (masked by: man-pages GPL-2+ BSD license(s))
- app-admin/eselect-1.4.32::gentoo (masked by: GPL-2+ || ( GPL-2+ CC-BY-SA-4.0 ) license(s))
- app-arch/xz-utils-5.8.3::gentoo (masked by: 0BSD LGPL-2.1+ GPL-2+ license(s))
- app-text/docbook-xsl-ns-stylesheets-1.79.1::gentoo (masked by: BSD license(s))
- sys-devel/binutils-2.46.1::gentoo (masked by: GPL-3+ license(s))
- sys-libs/libcap-2.78::gentoo (masked by: || ( GPL-2 BSD ) || ( LGPL-2+ BSD ) license(s))
- sys-apps/portage-3.0.82.2::gentoo (masked by: GPL-2 license(s))
- app-alternatives/gzip-1::gentoo (masked by: CC0-1.0 license(s))
- app-text/manpager-1::gentoo (masked by: GPL-2 license(s))
- dev-libs/libpipeline-1.5.8::gentoo (masked by: GPL-3 license(s))
- dev-python/flit-core-3.12.0::gentoo (masked by: BSD license(s))
- app-text/docbook-xml-dtd-4.2-r3::gentoo (masked by: docbook license(s))
- app-text/sgml-common-0.6.3-r7::gentoo (masked by: FDL-1.1+ MIT license(s))
- net-libs/libtirpc-1.3.7-r2::gentoo (masked by: BSD BSD-2 BSD-4 LGPL-2.1+ license(s))
- sys-apps/grep-3.12::gentoo (masked by: GPL-3+ license(s))
- dev-perl/PerlIO-utf8_strict-0.10.0::gentoo (masked by: || ( Artistic GPL-1+ ) license(s))
- sys-auth/pambase-20251104-r1::gentoo (masked by: MIT license(s))
- app-text/docbook-xsl-stylesheets-1.79.1-r4::gentoo (masked by: BSD license(s))
- sys-devel/patch-2.8-r1::gentoo (masked by: GPL-3+ license(s))
- sys-devel/gnuconfig-20250710::gentoo (masked by: GPL-3+-with-autoconf-exception license(s))
- dev-python/cython-3.2.9::gentoo (masked by: Apache-2.0 license(s))
- dev-perl/File-Slurper-0.14.0-r1::gentoo (masked by: || ( Artistic GPL-1+ ) license(s))
- app-portage/portage-utils-0.97.1::gentoo (masked by: GPL-2 license(s))
- sec-keys/openpgp-keys-gentoo-release-20260125::gentoo (masked by: public-domain license(s))
- dev-python/pathspec-1.1.1::gentoo (masked by: MPL-2.0 license(s))
- dev-build/gtk-doc-am-1.34.0::gentoo (masked by: GPL-2+ FDL-1.1 license(s))
- dev-python/jinja2-3.1.6::gentoo (masked by: BSD license(s))
- dev-libs/xxhash-0.8.3::gentoo (masked by: BSD-2 GPL-2+ license(s))
- dev-python/urllib3-2.7.0::gentoo (masked by: MIT license(s))
- sys-fs/e2fsprogs-1.47.4::gentoo (masked by: GPL-2 BSD license(s))
- app-arch/libarchive-3.8.9::gentoo (masked by: BSD BSD-2 BSD-4 public-domain license(s))
- dev-python/platformdirs-4.10.1::gentoo (masked by: MIT license(s))
- dev-build/meson-format-array-0::gentoo (masked by: GPL-2 license(s))
- dev-perl/Config-AutoConf-0.320.0::gentoo (masked by: || ( Artistic GPL-1+ ) license(s))
- dev-build/autoconf-wrapper-20260320::gentoo (masked by: GPL-2 license(s))
- app-text/docbook-xml-dtd-4.1.2-r7::gentoo (masked by: docbook license(s))
- sys-apps/file-5.48::gentoo (masked by: BSD-2 license(s))
- sys-devel/m4-1.4.21::gentoo (masked by: GPL-3+ license(s))
- sys-apps/diffutils-3.12::gentoo (masked by: GPL-2 license(s))
- dev-perl/File-ShareDir-Install-0.140.0::gentoo (masked by: || ( Artistic GPL-1+ ) license(s))
- dev-libs/mpdecimal-4.0.1::gentoo (masked by: BSD-2 license(s))
- dev-perl/Text-CharWidth-0.40.0-r2::gentoo (masked by: || ( Artistic GPL-1+ ) license(s))
- net-misc/curl-8.21.0-r1::gentoo (masked by: BSD curl ISC license(s))
- dev-perl/Unicode-LineBreak-2019.1.0-r2::gentoo (masked by: || ( Artistic GPL-1+ ) license(s))
- net-libs/gnutls-3.8.13::gentoo (masked by: GPL-3 LGPL-2.1+ license(s))
- sys-process/psmisc-23.7::gentoo (masked by: GPL-2+ license(s))
- dev-libs/libgpg-error-1.61::gentoo (masked by: GPL-2 LGPL-2.1 license(s))
- sys-apps/acl-2.4.0-r2::gentoo (masked by: LGPL-2.1+ GPL-2 license(s))
- dev-libs/libxml2-2.15.3::gentoo (masked by: MIT license(s))
- dev-build/cmake-4.3.4::gentoo (masked by: BSD license(s))
- dev-libs/libxslt-1.1.45::gentoo (masked by: MIT license(s))
- dev-perl/File-ShareDir-1.118.0-r1::gentoo (masked by: || ( Artistic GPL-1+ ) license(s))
- app-alternatives/yacc-1-r2::gentoo (masked by: CC0-1.0 license(s))
- app-text/scdoc-1.11.5::gentoo (masked by: MIT license(s))
- app-misc/editor-wrapper-4-r1::gentoo (masked by: MIT license(s))
- net-misc/wget-1.25.0-r2::gentoo (masked by: GPL-3+ license(s))
- dev-python/charset-normalizer-3.4.9::gentoo (masked by: MIT license(s))
- sys-apps/coreutils-9.11-r1::gentoo (masked by: GPL-3+ license(s))
- app-arch/gzip-1.14::gentoo (masked by: GPL-3+ license(s))
- sys-apps/help2man-1.49.3::gentoo (masked by: GPL-3+ FSFAP license(s))
- sys-libs/libseccomp-2.6.0-r3::gentoo (masked by: LGPL-2.1 license(s))
- app-editors/nano-9.1::gentoo (masked by: GPL-3+ LGPL-2.1+ || ( GPL-3+ FDL-1.2+ ) license(s))
- sys-apps/install-xattr-0.13::gentoo (masked by: GPL-2+ license(s))
- dev-build/autoconf-2.72-r7::gentoo (masked by: GPL-3+ license(s))
- sys-apps/less-704::gentoo (masked by: || ( GPL-3 BSD-2 ) license(s))
- sys-apps/shadow-4.19.4::gentoo (masked by: BSD GPL-2 license(s))
- sys-libs/timezone-data-2026b::gentoo (masked by: BSD public-domain license(s))
- sys-apps/attr-2.6.0::gentoo (masked by: LGPL-2.1+ license(s))
- net-misc/openssh-10.4_p1-r1::gentoo (masked by: BSD GPL-2 license(s))
- sys-fs/udev-init-scripts-35::gentoo (masked by: GPL-2 license(s))
- app-eselect/eselect-iptables-20220320::gentoo (masked by: GPL-2+ license(s))
- app-portage/elt-patches-20250718::gentoo (masked by: GPL-2 license(s))
- app-arch/lz4-1.10.0-r1::gentoo (masked by: BSD-2 GPL-2 license(s))
- dev-perl/List-MoreUtils-0.430.0::gentoo (masked by: Apache-2.0 || ( Artistic GPL-1+ ) license(s))
- dev-python/requests-2.34.2::gentoo (masked by: Apache-2.0 license(s))
- dev-perl/Locale-gettext-1.70.0_p20181130::gentoo (masked by: || ( Artistic GPL-1+ ) license(s))
- dev-libs/libksba-1.8.0::gentoo (masked by: LGPL-3+ GPL-2+ GPL-3 license(s))
- app-text/opensp-1.5.2-r10::gentoo (masked by: MIT license(s))
- sys-devel/gcc-config-2.12.2::gentoo (masked by: GPL-2 GPL-2+ license(s))
- sys-apps/iproute2-7.0.0::gentoo (masked by: GPL-2 license(s))
- app-misc/pax-utils-1.3.10::gentoo (masked by: GPL-2 license(s))
- app-crypt/gpgme-2.1.2::gentoo (masked by: GPL-2 LGPL-2.1 license(s))
- dev-python/certifi-3024.7.22::gentoo (masked by: MPL-2.0 license(s))
- dev-libs/libpcre2-10.47::gentoo (masked by: BSD license(s))
- app-arch/bzip2-1.0.8-r5::gentoo (masked by: BZIP2 license(s))
- dev-python/editables-0.6::gentoo (masked by: MIT license(s))
- dev-libs/libassuan-3.0.0-r1::gentoo (masked by: GPL-3 LGPL-2.1 license(s))
- app-eselect/eselect-lib-bin-symlink-0.1.1-r1::gentoo (masked by: GPL-2+ license(s))
- net-libs/libmicrohttpd-1.0.1-r1::gentoo (masked by: LGPL-2.1+ license(s))
- sys-kernel/linux-headers-6.18::gentoo (masked by: GPL-2 license(s))
- dev-libs/mpfr-4.2.2::gentoo (masked by: LGPL-3+ license(s))
- app-arch/unzip-6.0_p29-r2::gentoo (masked by: Info-ZIP license(s))
- dev-libs/mpc-1.4.1::gentoo (masked by: LGPL-3+ FDL-1.3+ license(s))
- dev-util/debugedit-5.3::gentoo (masked by: GPL-3+ GPL-2+ LGPL-2+ license(s))
- dev-python/more-itertools-11.1.0::gentoo (masked by: MIT license(s))
- dev-python/lxml-6.1.1::gentoo (masked by: BSD ElementTree GPL-2 PSF-2 license(s))
- dev-python/jaraco-functools-4.6.0::gentoo (masked by: MIT license(s))
- dev-python/pluggy-1.6.0::gentoo (masked by: MIT license(s))
- dev-perl/Pod-Parser-1.660.0::gentoo (masked by: || ( Artistic GPL-1+ ) license(s))
- dev-util/pkgconf-2.5.1::gentoo (masked by: ISC license(s))
- net-libs/libnsl-2.0.1::gentoo (masked by: LGPL-2.1+ BSD license(s))
- app-alternatives/tar-0::gentoo (masked by: CC0-1.0 license(s))
- sys-apps/util-linux-2.42.2::gentoo (masked by: GPL-2+ GPL-1+ GPL-2 GPL-2+ GPL-3+ LGPL-2.1+ MIT BSD-2 BSD BSD-4 EUPL-1.2 public-domain license(s))
- dev-perl/ExtUtils-CChecker-0.120.0-r1::gentoo (masked by: || ( Artistic GPL-1+ ) license(s))
- dev-lang/perl-5.42.2::gentoo (masked by: || ( Artistic GPL-1+ ) license(s))
- dev-perl/SGMLSpm-1.1-r2::gentoo (masked by: GPL-2+ license(s))
- dev-python/jaraco-context-6.1.2::gentoo (masked by: MIT license(s))
- app-doc/info-manual-30.2::gentoo (masked by: FDL-1.3+ license(s))
- net-libs/libmnl-1.0.5::gentoo (masked by: LGPL-2.1 license(s))
- dev-perl/Syntax-Keyword-Try-0.310.0::gentoo (masked by: || ( Artistic GPL-1+ ) license(s))
- dev-python/jaraco-text-4.3.0::gentoo (masked by: MIT license(s))
- app-i18n/gnulib-l10n-20241231::gentoo (masked by: LGPL-2+ license(s))
- dev-util/gperf-3.3::gentoo (masked by: GPL-3+ license(s))
- sys-apps/locale-gen-3.10::gentoo (masked by: GPL-2 license(s))
- app-alternatives/gpg-1-r3::gentoo (masked by: CC0-1.0 license(s))
- app-crypt/pinentry-1.3.2-r1::gentoo (masked by: GPL-2 license(s))
- sys-devel/binutils-config-5.6::gentoo (masked by: GPL-2 GPL-2+ license(s))
- dev-perl/YAML-Tiny-1.760.0-r1::gentoo (masked by: || ( Artistic GPL-1+ ) license(s))
- sys-devel/gcc-15.3.0::gentoo (masked by: GPL-3+ LGPL-3+ || ( GPL-3+ libgcc libstdc++ gcc-runtime-library-exception-3.1 ) FDL-1.3+ license(s))
- app-alternatives/ninja-1::gentoo (masked by: CC0-1.0 license(s))
- sys-libs/pam-1.7.2::gentoo (masked by: || ( BSD GPL-2 ) license(s))
- dev-perl/Params-Util-1.102.0::gentoo (masked by: || ( Artistic GPL-1+ ) license(s))
- app-alternatives/bzip2-1::gentoo (masked by: CC0-1.0 license(s))
- sys-apps/which-2.23::gentoo (masked by: GPL-3 license(s))
- dev-python/setuptools-scm-10.1.2::gentoo (masked by: MIT license(s))
- perl-core/File-Temp-0.231.100-r1::gentoo (masked by: || ( Artistic GPL-1+ ) license(s))
- app-eselect/eselect-pinentry-0.7.4::gentoo (masked by: GPL-2 license(s))
- sys-apps/texinfo-7.3::gentoo (masked by: GPL-3+ license(s))
- dev-util/re2c-3.1::gentoo (masked by: public-domain license(s))
- sys-apps/dbus-1.16.2::gentoo (masked by: || ( AFL-2.1 GPL-2+ ) Apache-2.0 BSD GPL-2+ LGPL-2.1+ MIT tcltk license(s))
- sys-libs/glibc-2.43-r2::gentoo (masked by: LGPL-2.1+ BSD HPND ISC inner-net rc PCRE license(s))
- dev-python/gentoo-common-1::gentoo (masked by: GPL-2 license(s))
- sys-apps/kbd-2.10.0::gentoo (masked by: GPL-2+ license(s))
- dev-python/markupsafe-3.0.3::gentoo (masked by: BSD license(s))
- dev-build/automake-wrapper-20250528::gentoo (masked by: GPL-2 license(s))
- sys-apps/sed-4.10-r1::gentoo (masked by: GPL-3+ license(s))
- dev-libs/json-c-0.18::gentoo (masked by: MIT license(s))
- app-alternatives/lex-0-r1::gentoo (masked by: CC0-1.0 license(s))
- app-arch/zstd-1.5.7-r1::gentoo (masked by: || ( BSD GPL-2 ) license(s))
- sys-apps/gentoo-functions-1.7.7::gentoo (masked by: GPL-2 MIT license(s))
- dev-lang/python-3.14.6_p1::gentoo (masked by: PSF-2 license(s))
- app-misc/mime-types-2.1.54::gentoo (masked by: public-domain MIT license(s))
- dev-build/ninja-1.13.2-r1::gentoo (masked by: Apache-2.0 license(s))
- dev-build/automake-1.18.1-r1::gentoo (masked by: GPL-2+ FSFAP license(s))
- sys-apps/man-db-2.13.1-r1::gentoo (masked by: GPL-3 license(s))
- dev-libs/jsoncpp-1.9.8::gentoo (masked by: || ( public-domain MIT ) license(s))
- app-crypt/libb2-0.98.1-r3::gentoo (masked by: CC0-1.0 license(s))
- dev-perl/MIME-Charset-1.13.1::gentoo (masked by: || ( Artistic GPL-1+ ) license(s))
- sys-devel/gettext-0.23.2::gentoo (masked by: GPL-3+ LGPL-2.1+ license(s))
- dev-libs/libunistring-1.4.2::gentoo (masked by: || ( LGPL-3+ GPL-2+ ) || ( FDL-1.2 GPL-3+ ) license(s))
- dev-build/make-4.4.1-r102::gentoo (masked by: GPL-3+ license(s))
- app-text/po4a-0.74-r1::gentoo (masked by: GPL-2+ license(s))
- dev-libs/popt-1.19-r1::gentoo (masked by: MIT license(s))
- sys-libs/zlib-1.3.2-r1::gentoo (masked by: ZLIB license(s))
- dev-python/idna-3.18::gentoo (masked by: BSD license(s))
- sys-apps/baselayout-2.18-r1::gentoo (masked by: GPL-2 license(s))
- dev-python/hatchling-1.31.0::gentoo (masked by: MIT license(s))
- app-text/docbook-xml-dtd-4.5-r2::gentoo (masked by: docbook license(s))
- app-crypt/gnupg-2.5.21::gentoo (masked by: GPL-3+ license(s))
- net-dns/c-ares-1.34.8::gentoo (masked by: MIT ISC license(s))
- sys-apps/systemd-260.1-r2::gentoo (masked by: GPL-2 LGPL-2.1 MIT public-domain license(s))
- dev-libs/leancrypto-1.8.0::gentoo (masked by: || ( GPL-2 BSD-2 ) license(s))
- sys-devel/flex-2.6.4-r6::gentoo (masked by: FLEX license(s))
- dev-python/vcs-versioning-2.2.2::gentoo (masked by: MIT license(s))
- dev-libs/libgcrypt-1.12.2::gentoo (masked by: LGPL-2.1+ GPL-2+ MIT license(s))
- net-misc/rsync-3.4.4::gentoo (masked by: GPL-3 license(s))
- dev-libs/libffi-3.5.2::gentoo (masked by: MIT license(s))
- dev-perl/List-MoreUtils-XS-0.430.0-r1::gentoo (masked by: Apache-2.0 || ( Artistic GPL-1+ ) license(s))
- sys-libs/gdbm-1.26::gentoo (masked by: GPL-3+ GPL-2+ FDL-1.3+ license(s))
- sys-process/procps-4.0.6::gentoo (masked by: GPL-2+ LGPL-2+ LGPL-2.1+ license(s))
- app-portage/getuto-2.0::gentoo (masked by: GPL-2 license(s))
- app-arch/tar-1.35-r1::gentoo (masked by: GPL-3+ license(s))
- dev-perl/TermReadKey-2.380.0-r1::gentoo (masked by: || ( Artistic GPL-1+ ) license(s))
For more information, see the MASKED PACKAGES section in the emerge
man page or refer to the Gentoo Handbook.

