
Performing Global Updates
(Could take a couple of minutes if you have a lot of binary packages.)
  .='update pass'  *='binary update'  #='/var/db update'  @='/var/db move'
  s='/var/db SLOT move'  %='binary move'  S='binary SLOT move'
  p='update /etc/portage/package.*'
/tmp/stage/fixtures/repo/profiles/updates/2Q-2024..



Performing Global Updates
(Could take a couple of minutes if you have a lot of binary packages.)
  .='update pass'  *='binary update'  #='/var/db update'  @='/var/db move'
  s='/var/db SLOT move'  %='binary move'  S='binary SLOT move'
  p='update /etc/portage/package.*'
/tmp/stage/fixtures/repo/profiles/updates/2Q-2024..



These are the packages that would be merged, in order:

Calculating dependencies ... done!
Dependency resolution took 0.85 s (backtrack: 1/1).

[ebuild  N     ] dev-libs/slotconflicttarget-1.0 to /tmp/root-B-bt1/
[ebuild  r  U  ] app-misc/pprov-2 [1] to /tmp/root-B-bt1/
[ebuild  rR    ] app-misc/pcons-1 to /tmp/root-B-bt1/
[ebuild  N     ] dev-libs/slotconflictoldconsumer-1.0 to /tmp/root-B-bt1/
[ebuild  N     ] dev-libs/slotconflictnewconsumer-1.0 to /tmp/root-B-bt1/

The following packages are causing rebuilds:

  (app-misc/pprov-2:0/2::testrepo, ebuild scheduled for merge to '/tmp/root-B-bt1/') causes rebuilds for:
    (app-misc/pcons-1:0/0::testrepo, ebuild scheduled for merge to '/tmp/root-B-bt1/')
