!!! Section 'testrepo' in repos.conf has location attribute set to nonexistent directory: 'repo'
!!! Section 'overlay' in repos.conf has location attribute set to nonexistent directory: 'overlay'
!!! Section 'independentoverlay' in repos.conf has location attribute set to nonexistent directory: 'independentoverlay'
!!! Section 'layoutmasteroverlay' in repos.conf has location attribute set to nonexistent directory: 'layoutmasteroverlay'
!!! Section 'repnamesection' in repos.conf has location attribute set to nonexistent directory: 'repnamerepo'
!!! Unable to parse profile: '/home/vivo/repo/PORTUALE/pmtest/fixtures/etc/portage/make.profile'
!!! ParseError: Parent 'overlay:crossrepo-parent' not found: '/home/vivo/repo/PORTUALE/pmtest/fixtures/repo/profiles/default/parent'
!!! Section 'overlay' in repos.conf has location attribute set to nonexistent directory: 'overlay'
!!! Section 'independentoverlay' in repos.conf has location attribute set to nonexistent directory: 'independentoverlay'
!!! Section 'layoutmasteroverlay' in repos.conf has location attribute set to nonexistent directory: 'layoutmasteroverlay'
!!! Section 'repnamesection' in repos.conf has location attribute set to nonexistent directory: 'repnamerepo'
!!! Unable to parse profile: '/home/vivo/repo/PORTUALE/pmtest/fixtures/etc/portage/make.profile'
!!! ParseError: Parent 'overlay:crossrepo-parent' not found: '/home/vivo/repo/PORTUALE/pmtest/fixtures/repo/profiles/default/parent'
--- Invalid atom in /home/vivo/repo/PORTUALE/pmtest/fixtures/repo/profiles/package.use.force: */pkgusemaskforcepkg
--- Invalid atom in /home/vivo/repo/PORTUALE/pmtest/fixtures/repo/profiles/package.use.force: */pkgusemaskforcepkg


!!! /home/vivo/repo/PORTUALE/pmtest/fixtures/etc/portage/make.profile is not a symlink and will probably prevent most merges.
!!! It should point into a profile within /home/vivo/repo/PORTUALE/pmtest/fixtures/repo/profiles/
!!! (You can safely ignore this message when syncing. It's harmless.)


Appending /home/vivo/repo/PORTUALE/pmtest/fixtures/repo to PORTDIR_OVERLAY...
<<<          obj /var/tmp/317-s0-root.U70qQK/usr/share/binpkgrmpkg/payload-2.0.txt
<<<          dir /var/tmp/317-s0-root.U70qQK/usr/share/binpkgrmpkg
<<<          dir /var/tmp/317-s0-root.U70qQK/usr/share
<<<          dir /var/tmp/317-s0-root.U70qQK/usr
